[www.arkhamintelligence.com/index.html]
[platform.arkhamintelligence.com/index.html]
[backblue.gif]
[fade.gif]
[index.html]
[assets-global.website-files.com/62879326fd745f7489b43224/css/arkham.4e446b156.css]
[assets-global.website-files.com/62879326fd745f7489b43224/62a727b59b3baa3a442493f7_Novo Projeto (4).png]
[assets-global.website-files.com/62879326fd745f7489b43224/62a727baccb139c5d9bad274_Novo Projeto (5).png]
[cdn.weglot.com/weglot.min.js]
[cdn.jsdelivr.net/npm/@finsweet/cookie-consent@1/fs-cc.js]
[assets-global.website-files.com/62879326fd745f7489b43224/649ef1a7d1741339d2f038e2_paper.png]
[assets-global.website-files.com/6296255d9030be506dc09bb7/64de2ea7a86810f9fa1de029_Screenshot 2023-08-17 at 10.28.42 AM.png]
[assets-global.website-files.com/6296255d9030be506dc09bb7/64ca822f329982b3e618ec67_TWT.png]
[assets-global.website-files.com/6296255d9030be506dc09bb7/6421cc820a29f76a25e030d9_Screen Shot 2023-03-23 at 2.03.34 PM.png]
[assets-global.website-files.com/6296255d9030be506dc09bb7/6421cc7302820e2660b8212d_Ribbon Protocol Logo - Base.png]
[assets-global.website-files.com/6296255d9030be506dc09bb7/6421cc41fc58cd5c131644b6_Partnership Agreement - Arkham Intelligence and BNB Chain.png]
[assets-global.website-files.com/6296255d9030be506dc09bb7/6421cc03699d1c10f8265067_White on Gradient Circle.png]
[assets-global.website-files.com/6296255d9030be506dc09bb7/641e1a4667c69907a2d3100b_ARB_lockup_white-2-1024x261.png]
[assets-global.website-files.com/6296255d9030be506dc09bb7/641e1a4e697d561be318a0a9_Avalanche_logo_without_text.png]
[assets-global.website-files.com/6296255d9030be506dc09bb7/641e1a5ce2af2133a06d34e0_bnb-chain-binance-smart-chain-logo.png]
[assets-global.website-files.com/6296255d9030be506dc09bb7/641e1a63a274e5c386265051_icon red.png]
[www.arkhamintelligence.com/terms-of-service.html]
[www.arkhamintelligence.com/privacy-policy.html]
[d3e54v103j8qbb.cloudfront.net/js/jquery-3.5.1.min.dc5e7f18c8f9d0.js]
[js.hs-scripts.com/22542515.js]
[assets-global.website-files.com/62879326fd745f7489b43224/js/arkham.d6b2c6bf1.js]
[www.arkhamintelligence.com/index.html]
[embed.typeform.com/next/embed.js]
[platform.arkhamintelligence.com/_next/static/css/ec9dd528f8e5c16b.css]
[platform.arkhamintelligence.com/_next/static/css/5045379a4001dd93.css]
[platform.arkhamintelligence.com/_next/static/css/ab8262b99d5061a4.css]
[platform.arkhamintelligence.com/_next/static/chunks/polyfills-c67a75d1b6f99dc8.js]
[platform.arkhamintelligence.com/_next/static/chunks/webpack-e61bbb31d118be5e.js]
[platform.arkhamintelligence.com/_next/static/chunks/framework-79bce4a3a540b080.js]
[platform.arkhamintelligence.com/_next/static/chunks/main-e1cf5305305e8dcd.js]
[platform.arkhamintelligence.com/_next/static/chunks/pages/_app-d404422b6a969219.js]
[platform.arkhamintelligence.com/_next/static/chunks/252f366e-2ba241b6d131b40a.js]
[platform.arkhamintelligence.com/_next/static/chunks/1bfc9850-8713b1dfa62ae904.js]
[platform.arkhamintelligence.com/_next/static/chunks/ea88be26-b254aef98a98f153.js]
[platform.arkhamintelligence.com/_next/static/chunks/d0c16330-aec74e0084c3681d.js]
[platform.arkhamintelligence.com/_next/static/chunks/1a48c3c1-b7c5949d8bfbb33a.js]
[platform.arkhamintelligence.com/_next/static/chunks/d7eeaac4-ab14de2578d6414a.js]
[platform.arkhamintelligence.com/_next/static/chunks/ae51ba48-153790da8ef31084.js]
[platform.arkhamintelligence.com/_next/static/chunks/0c428ae2-d437cf924ecbfde6.js]
[platform.arkhamintelligence.com/_next/static/chunks/95b64a6e-2e0fc10f306064f5.js]
[platform.arkhamintelligence.com/_next/static/chunks/d0447323-ec21c2886d16e4e0.js]
[platform.arkhamintelligence.com/_next/static/chunks/78e521c3-03489ed2f3e8616f.js]
[platform.arkhamintelligence.com/_next/static/chunks/c31f1870-33ad942cd26cf672.js]
[platform.arkhamintelligence.com/_next/static/chunks/9b380ffa-2c75017dfcb2a94f.js]
[platform.arkhamintelligence.com/_next/static/chunks/41-3868dd06ce9e169e.js]
[platform.arkhamintelligence.com/_next/static/chunks/1519-932d5dccc39c81f5.js]
[platform.arkhamintelligence.com/_next/static/chunks/7042-f9d723b3c04d4300.js]
[platform.arkhamintelligence.com/_next/static/chunks/1747-cf4e6368f09c8277.js]
[platform.arkhamintelligence.com/_next/static/chunks/5054-ed32d9c28d76d818.js]
[platform.arkhamintelligence.com/_next/static/chunks/4112-f3761b0abfe2954d.js]
[platform.arkhamintelligence.com/_next/static/chunks/4948-1cbe54133f43c486.js]
[platform.arkhamintelligence.com/_next/static/chunks/4477-df946c4518dc3f6a.js]
[platform.arkhamintelligence.com/_next/static/chunks/7639-23b40a8db72321f7.js]
[platform.arkhamintelligence.com/_next/static/chunks/pages/index-22c2ccfd47575d45.js]
[platform.arkhamintelligence.com/_next/static/tdDA-Z2mSkwoyuffSUlK9/_buildManifest.js]
[platform.arkhamintelligence.com/_next/static/tdDA-Z2mSkwoyuffSUlK9/_ssgManifest.js]
[platform.arkhamintelligence.com/index.html]
[assets-global.website-files.com/62879326fd745f7489b43224/63483848ce5cafa7f115da41_Screenshot 2022-10-11 200856.png]
[assets-global.website-files.com/62879326fd745f7489b43224/css/arkham.4e446b156.css]
[www.googletagmanager.com/gtm5445.html]
[assets-global.website-files.com/6296255d9030be506dc09bb7/6319e9bb08e16e068e786600_Screen Shot 2022-09-07 at 8.19.36 PM.jpg]
[assets-global.website-files.com/6296255d9030be506dc09bb7/6319e9b2952214f57429a7f4_Screen Shot 2022-09-07 at 8.19.16 PM.jpg]
[assets-global.website-files.com/6296255d9030be506dc09bb7/6319e9a2a4b9705902fc1605_Screen Shot 2022-09-07 at 8.18.50 PM.jpg]
[assets-global.website-files.com/6296255d9030be506dc09bb7/6319e9997031515417602bc3_Screen Shot 2022-09-07 at 8.18.36 PM.jpg]
[assets-global.website-files.com/6296255d9030be506dc09bb7/6319e9462815200752e1daab_Screen Shot 2022-09-07 at 8.19.53 PM.png]
[assets-global.website-files.com/6296255d9030be506dc09bb7/6319e936bcbf8d98cd657e11_Screen Shot 2022-09-07 at 8.18.09 PM.png]
[assets-global.website-files.com/6296255d9030be506dc09bb7/6319e92cfc53a466e696dd70_Screen Shot 2022-09-07 at 8.17.36 PM.png]
[assets-global.website-files.com/6296255d9030be506dc09bb7/6319e91babe502250a88c60b_Screen Shot 2022-09-07 at 8.15.12 PM.png]
[assets-global.website-files.com/6296255d9030be506dc09bb7/6319e9102149368d521b0871_Screen Shot 2022-09-07 at 8.14.56 PM.png]
[assets-global.website-files.com/6296255d9030be506dc09bb7/6319e908431135a45b8bb9da_Screen Shot 2022-09-07 at 8.14.26 PM.png]
[assets-global.website-files.com/6296255d9030be506dc09bb7/6319e8f745a32877b48f4a16_Screen Shot 2022-09-07 at 8.14.08 PM.png]
[assets-global.website-files.com/6296255d9030be506dc09bb7/6319e8e5d4a7cfb1fc5e284c_Screen Shot 2022-09-07 at 8.13.52 PM.png]
[assets-global.website-files.com/6296255d9030be506dc09bb7/6319e8d6b9581046b3adb1b0_Screen Shot 2022-09-07 at 8.13.38 PM.png]
[assets-global.website-files.com/6296255d9030be506dc09bb7/6319e8c39f7366cc47f7c64d_Screen Shot 2022-09-07 at 8.13.12 PM.png]
[assets-global.website-files.com/6296255d9030be506dc09bb7/6319e8ac4c793630ddec101d_Screen Shot 2022-09-07 at 8.11.32 PM.png]
[assets-global.website-files.com/6296255d9030be506dc09bb7/6319d6be9f73660e61f6e826_Screen Shot 2022-09-07 at 8.10.14 PM.png]
[assets-global.website-files.com/6296255d9030be506dc09bb7/6319d6b3ac09725db0a21dbf_Screen Shot 2022-09-07 at 8.09.45 PM.png]
[assets-global.website-files.com/6296255d9030be506dc09bb7/6319d620aa567c433168d767_Screen Shot 2022-09-07 at 8.06.43 PM.png]
[assets-global.website-files.com/6296255d9030be506dc09bb7/6319d60fca64f3aa38a4fed0_Screen Shot 2022-09-07 at 8.05.45 PM.png]
[www.arkhamintelligence.com/terms-of-service.html]
[www.arkhamintelligence.com/privacy-policy.html]
[embed.typeform.com/next/embed.js]
[platform.arkhamintelligence.com/_next/static/media/ibm-plex-mono-cyrillic-ext-400-normal.d2a15191.woff2]
[platform.arkhamintelligence.com/_next/static/media/ibm-plex-mono-all-400-normal.9fd1cbda.woff]
[platform.arkhamintelligence.com/_next/static/media/ibm-plex-mono-cyrillic-400-normal.1cc66227.woff2]
[platform.arkhamintelligence.com/_next/static/media/ibm-plex-mono-vietnamese-400-normal.a4b6ff95.woff2]
[platform.arkhamintelligence.com/_next/static/media/ibm-plex-mono-latin-ext-400-normal.dc8f260f.woff2]
[platform.arkhamintelligence.com/_next/static/media/ibm-plex-mono-latin-400-normal.71a5fad3.woff2]
[platform.arkhamintelligence.com/_next/static/media/ibm-plex-sans-cyrillic-ext-400-normal.99107dbf.woff2]
[platform.arkhamintelligence.com/_next/static/media/ibm-plex-sans-cyrillic-ext-400-normal.533975ff.woff]
[platform.arkhamintelligence.com/_next/static/media/ibm-plex-sans-cyrillic-400-normal.56c46158.woff2]
[platform.arkhamintelligence.com/_next/static/media/ibm-plex-sans-cyrillic-400-normal.93f2ed2b.woff]
[platform.arkhamintelligence.com/_next/static/media/ibm-plex-sans-greek-400-normal.35485f72.woff2]
[platform.arkhamintelligence.com/_next/static/media/ibm-plex-sans-greek-400-normal.111ad2b5.woff]
[platform.arkhamintelligence.com/_next/static/media/ibm-plex-sans-vietnamese-400-normal.1764877f.woff2]
[platform.arkhamintelligence.com/_next/static/media/ibm-plex-sans-vietnamese-400-normal.150fd4b0.woff]
[platform.arkhamintelligence.com/_next/static/media/ibm-plex-sans-latin-ext-400-normal.06159238.woff2]
[platform.arkhamintelligence.com/_next/static/media/ibm-plex-sans-latin-ext-400-normal.9c6c72a8.woff]
[platform.arkhamintelligence.com/_next/static/media/ibm-plex-sans-latin-400-normal.e5b81454.woff2]
[platform.arkhamintelligence.com/_next/static/media/ibm-plex-sans-latin-400-normal.36f1a382.woff]
[platform.arkhamintelligence.com/_next/static/media/IBMPlexMono-Light.d16d9e54.woff2]
[platform.arkhamintelligence.com/_next/static/media/IBMPlexMono-ExtraLight.8501e659.woff2]
[platform.arkhamintelligence.com/_next/static/media/condensed-heavy.424d1390.woff2]
[platform.arkhamintelligence.com/_next/static/media/IBMPlexSans-Regular.201b3ae8.woff2]
[platform.arkhamintelligence.com/_next/static/media/IBMPlexSans-Light.6bb316ed.woff2]
[platform.arkhamintelligence.com/_next/static/media/lato-latin-400.cc2c3b4a.woff2]
[platform.arkhamintelligence.com/_next/static/media/lato-latin-700.10278b9b.woff2]
[platform.arkhamintelligence.com/_next/static/media/roboto-latin-400.1e2d4d3a.woff2]
[platform.arkhamintelligence.com/_next/static/css/ec9dd528f8e5c16b.css]
[platform.arkhamintelligence.com/_next/static/css/5045379a4001dd93.css]
[platform.arkhamintelligence.com/_next/static/css/ab8262b99d5061a4.css]
[embed.typeform.com/next/css/index.html]
[www.arkhamintelligence.com/_https_/assets-global.website-files.com/62879326fd745f7489b43224/62a3a7248e6a2b47b66bd26c_Arkham_pentagon_7_3_1-poster-00001.jpg_]
[www.arkhamintelligence.com/popover.css]
[www.arkhamintelligence.com/popup.css]
[www.arkhamintelligence.com/sidetab.css]
[www.arkhamintelligence.com/slider.css]
[www.arkhamintelligence.com/widget.css]
[www.arkhamintelligence.com/e]
[www.arkhamintelligence.com/window.location.href]
